// Jest Snapshot v1, https://goo.gl/fbAQLP

exports[`Header.js matches snapshot 1`] = `
<div
  className="header"
>
  <h1>
    App
  </h1>
  Component name: Header File name: Header.tsx
</div>
`;
