// Jest Snapshot v1, https://goo.gl/fbAQLP

exports[`EmptyLayout.js matches snapshot 1`] = `
<div
  className="layout"
>
  Component name: EmptyLayout
</div>
`;
