// Jest Snapshot v1, https://goo.gl/fbAQLP

exports[`HomePage.js matches snapshot 1`] = `
<main
  className="page"
>
  Component name: HomePage
</main>
`;
